wav sound format to ogg
ogg length parameter in catchsound()